# dune build
# OCAMLPARAM: unset
# Shared cache: disabled
# Shared cache location: /home/th3g3ntl3man/.cache/dune/db
# Workspace root:
# /home/th3g3ntl3man/Documents/ocaml/OCaml-adventure/assignments/BinSearchTrees
# Auto-detected concurrency: 8
# Dune context:
#  { name = "default"
#  ; kind = "default"
#  ; profile = Dev
#  ; merlin = true
#  ; fdo_target_exe = None
#  ; build_dir = In_build_dir "default"
#  ; installed_env =
#      map
#        { "INSIDE_DUNE" :
#            "/home/th3g3ntl3man/Documents/ocaml/OCaml-adventure/assignments/BinSearchTrees/_build/default"
#        }
#  ; instrument_with = []
#  }
$ /usr/bin/ocamlc.opt -config > /tmp/dune_8e97f2_output
$ (cd _build/default && /usr/bin/ocamlopt.opt -w @1..3@5..28@31..39@43@46..47@49..57@61..62@67@69-40 -strict-sequence -strict-formats -short-paths -keep-locs -g -I bin/.main.eobjs/byte -I bin/.main.eobjs/native -I lib/.BinSearchTrees.objs/byte -I lib/.BinSearchTrees.objs/native -intf-suffix .ml -no-alias-deps -opaque -o bin/.main.eobjs/native/dune__exe__Main.cmx -c -impl bin/main.ml)
> File "bin/main.ml", line 3, characters 8-12:
> 3 | let rec size tr = match tr with
>             ^^^^
> Error (warning 32 [unused-value-declaration]): unused value size.
> File "bin/main.ml", line 7, characters 8-13:
> 7 | let rec depth tr = match tr with
>             ^^^^^
> Error (warning 32 [unused-value-declaration]): unused value depth.
> File "bin/main.ml", line 11, characters 8-14:
> 11 | let rec insert a tr = match tr with
>              ^^^^^^
> Error (warning 32 [unused-value-declaration]): unused value insert.
> File "bin/main.ml", line 20, characters 8-12:
> 20 | let rec max1 tr = match tr with
>              ^^^^
> Error (warning 32 [unused-value-declaration]): unused value max1.
> File "bin/main.ml", line 24, characters 8-16:
> 24 | let rec traverse tr = match tr with
>              ^^^^^^^^
> Error (warning 32 [unused-value-declaration]): unused value traverse.
> File "bin/main.ml", line 28, characters 8-14:
> 28 | let rec remove e tr = match tr with
>              ^^^^^^
> Error (warning 32 [unused-value-declaration]): unused value remove.
> File "bin/main.ml", line 39, characters 4-5:
> 39 | let t = 
>          ^
> Error (warning 32 [unused-value-declaration]): unused value t.
[2]
